Running Gradle task 'assembleRelease'...                        
Running Gradle task 'assembleRelease'...                           34.9s
